<?xml version="1.0" encoding="UTF-8"?>
<TestRun id="0223ed2d-a6dd-45a4-820b-f62eb647821c" name="Michael@MTUTTY-LAP 2011-09-10 18:31:05" runUser="mtutty-lap\Michael" xmlns="http://microsoft.com/schemas/VisualStudio/TeamTest/2010">
  <TestSettings name="Default Test Settings" id="ad2c6bb7-e72a-4de0-97a4-964cc2f70c2c">
    <Deployment runDeploymentRoot="Michael_MTUTTY-LAP 2011-09-10 18_31_05">
      <DeploymentItem filename="C:\Users\Michael\Documents\Visual Studio 2010\Projects\PersonalBlog\packages\FluentNHibernate.1.3.0.717\lib\FluentNHibernate.dll" />
      <DeploymentItem filename="C:\Users\Michael\Documents\Visual Studio 2010\Projects\PersonalBlog\packages\Iesi.Collections.3.2.0.4000\lib\Net35\Iesi.Collections.dll" />
      <DeploymentItem filename="C:\Users\Michael\Documents\Visual Studio 2010\Projects\PersonalBlog\packages\NHibernate.3.2.0.4000\lib\Net35\NHibernate.dll" />
      <DeploymentItem filename="C:\Users\Michael\Documents\Visual Studio 2010\Projects\PersonalBlog\packages\MySql.Data.6.4.3\lib\net40\mysql.data.dll" />
      <DeploymentItem filename="C:\Users\Michael\documents\visual studio 2010\Projects\PersonalBlog\PersonalBlog\bin\PersonalBlog.dll" />
    </Deployment>
    <Execution>
      <TestTypeSpecific />
      <AgentRule name="Execution Agents">
      </AgentRule>
    </Execution>
  </TestSettings>
  <Times creation="2011-09-10T18:31:05.8373745-05:00" queuing="2011-09-10T18:31:07.4734680-05:00" start="2011-09-10T16:31:07.5364716-05:00" finish="2011-09-10T16:31:08.3372889-05:00" />
  <ResultSummary outcome="Completed">
    <Counters total="5" executed="5" passed="5" error="0" failed="0" timeout="0" aborted="0" inconclusive="0" passedButRunAborted="0" notRunnable="0" notExecuted="0" disconnected="0" warning="0" completed="0" inProgress="0" pending="0" />
  </ResultSummary>
  <TestDefinitions>
    <UnitTest name="GetSettingIntTest" storage="c:\users\michael\documents\visual studio 2010\projects\personalblog\personalblog.tests\bin\debug\personalblog.tests.dll" id="656630bd-0ba5-6314-30e5-0c40dbf1c989">
      <Execution id="e584adcc-1440-4ac2-a580-7b801f2db337" />
      <TestMethod codeBase="C:/Users/Michael/Documents/Visual Studio 2010/Projects/PersonalBlog/PersonalBlog.Tests/bin/Debug/PersonalBlog.Tests.DLL" adapterTypeName="Microsoft.VisualStudio.TestTools.TestTypes.Unit.UnitTestAdapter, Microsoft.VisualStudio.QualityTools.Tips.UnitTest.Adapter, Version=10.0.0.0, Culture=neutral, PublicKeyToken=b03f5f7f11d50a3a" className="PersonalBlog.Tests.ConfigSettingsServiceTest, PersonalBlog.Tests, Version=1.0.0.0, Culture=neutral, PublicKeyToken=null" name="GetSettingIntTest" />
    </UnitTest>
    <UnitTest name="GetSettingStringTest" storage="c:\users\michael\documents\visual studio 2010\projects\personalblog\personalblog.tests\bin\debug\personalblog.tests.dll" id="b49e14a3-0cb0-c0b3-bc70-1c297eb868ed">
      <Execution id="a7c0abe7-fac2-424d-be79-a6cd691a3041" />
      <TestMethod codeBase="C:/Users/Michael/Documents/Visual Studio 2010/Projects/PersonalBlog/PersonalBlog.Tests/bin/Debug/PersonalBlog.Tests.DLL" adapterTypeName="Microsoft.VisualStudio.TestTools.TestTypes.Unit.UnitTestAdapter, Microsoft.VisualStudio.QualityTools.Tips.UnitTest.Adapter, Version=10.0.0.0, Culture=neutral, PublicKeyToken=b03f5f7f11d50a3a" className="PersonalBlog.Tests.ConfigSettingsServiceTest, PersonalBlog.Tests, Version=1.0.0.0, Culture=neutral, PublicKeyToken=null" name="GetSettingStringTest" />
    </UnitTest>
    <UnitTest name="ConfigSettingsServiceNullConstructorTest" storage="c:\users\michael\documents\visual studio 2010\projects\personalblog\personalblog.tests\bin\debug\personalblog.tests.dll" id="92267241-0f9c-e1a1-47cf-dbec5beeac99">
      <Execution id="6fbc7bac-7226-4d5a-8f28-2c7ce7a4cd4f" />
      <TestMethod codeBase="C:/Users/Michael/Documents/Visual Studio 2010/Projects/PersonalBlog/PersonalBlog.Tests/bin/Debug/PersonalBlog.Tests.DLL" adapterTypeName="Microsoft.VisualStudio.TestTools.TestTypes.Unit.UnitTestAdapter, Microsoft.VisualStudio.QualityTools.Tips.UnitTest.Adapter, Version=10.0.0.0, Culture=neutral, PublicKeyToken=b03f5f7f11d50a3a" className="PersonalBlog.Tests.ConfigSettingsServiceTest, PersonalBlog.Tests, Version=1.0.0.0, Culture=neutral, PublicKeyToken=null" name="ConfigSettingsServiceNullConstructorTest" />
    </UnitTest>
    <UnitTest name="GetSettingStringNoDefaultTest" storage="c:\users\michael\documents\visual studio 2010\projects\personalblog\personalblog.tests\bin\debug\personalblog.tests.dll" id="fae29225-5f00-02d8-7ca8-7a569d5c0a82">
      <Execution id="2a796f45-eeca-4e7c-ba65-2d0d2d6edfd5" />
      <TestMethod codeBase="C:/Users/Michael/Documents/Visual Studio 2010/Projects/PersonalBlog/PersonalBlog.Tests/bin/Debug/PersonalBlog.Tests.DLL" adapterTypeName="Microsoft.VisualStudio.TestTools.TestTypes.Unit.UnitTestAdapter, Microsoft.VisualStudio.QualityTools.Tips.UnitTest.Adapter, Version=10.0.0.0, Culture=neutral, PublicKeyToken=b03f5f7f11d50a3a" className="PersonalBlog.Tests.ConfigSettingsServiceTest, PersonalBlog.Tests, Version=1.0.0.0, Culture=neutral, PublicKeyToken=null" name="GetSettingStringNoDefaultTest" />
    </UnitTest>
    <UnitTest name="ConfigSettingsServiceConstructorTest" storage="c:\users\michael\documents\visual studio 2010\projects\personalblog\personalblog.tests\bin\debug\personalblog.tests.dll" id="5b92c567-e9ac-208c-dc19-33878201bc6a">
      <Execution id="f5a75a7d-f0ce-4a84-b61f-304213d66d19" />
      <TestMethod codeBase="C:/Users/Michael/Documents/Visual Studio 2010/Projects/PersonalBlog/PersonalBlog.Tests/bin/Debug/PersonalBlog.Tests.DLL" adapterTypeName="Microsoft.VisualStudio.TestTools.TestTypes.Unit.UnitTestAdapter, Microsoft.VisualStudio.QualityTools.Tips.UnitTest.Adapter, Version=10.0.0.0, Culture=neutral, PublicKeyToken=b03f5f7f11d50a3a" className="PersonalBlog.Tests.ConfigSettingsServiceTest, PersonalBlog.Tests, Version=1.0.0.0, Culture=neutral, PublicKeyToken=null" name="ConfigSettingsServiceConstructorTest" />
    </UnitTest>
  </TestDefinitions>
  <TestLists>
    <TestList name="Results Not in a List" id="8c84fa94-04c1-424b-9868-57a2d4851a1d" />
    <TestList name="All Loaded Results" id="19431567-8539-422a-85d7-44ee4e166bda" />
  </TestLists>
  <TestEntries>
    <TestEntry testId="5b92c567-e9ac-208c-dc19-33878201bc6a" executionId="f5a75a7d-f0ce-4a84-b61f-304213d66d19" testListId="8c84fa94-04c1-424b-9868-57a2d4851a1d" />
    <TestEntry testId="656630bd-0ba5-6314-30e5-0c40dbf1c989" executionId="e584adcc-1440-4ac2-a580-7b801f2db337" testListId="8c84fa94-04c1-424b-9868-57a2d4851a1d" />
    <TestEntry testId="92267241-0f9c-e1a1-47cf-dbec5beeac99" executionId="6fbc7bac-7226-4d5a-8f28-2c7ce7a4cd4f" testListId="8c84fa94-04c1-424b-9868-57a2d4851a1d" />
    <TestEntry testId="b49e14a3-0cb0-c0b3-bc70-1c297eb868ed" executionId="a7c0abe7-fac2-424d-be79-a6cd691a3041" testListId="8c84fa94-04c1-424b-9868-57a2d4851a1d" />
    <TestEntry testId="fae29225-5f00-02d8-7ca8-7a569d5c0a82" executionId="2a796f45-eeca-4e7c-ba65-2d0d2d6edfd5" testListId="8c84fa94-04c1-424b-9868-57a2d4851a1d" />
  </TestEntries>
  <Results>
    <UnitTestResult executionId="f5a75a7d-f0ce-4a84-b61f-304213d66d19" testId="5b92c567-e9ac-208c-dc19-33878201bc6a" testName="ConfigSettingsServiceConstructorTest" computerName="MTUTTY-LAP" duration="00:00:00.0334861" startTime="2011-09-10T18:31:07.6092732-05:00" endTime="2011-09-10T18:31:08.2412834-05:00" testType="13cdc9d9-ddb5-4fa4-a97d-d965ccfc6d4b" outcome="Passed" testListId="8c84fa94-04c1-424b-9868-57a2d4851a1d" relativeResultsDirectory="f5a75a7d-f0ce-4a84-b61f-304213d66d19">
    </UnitTestResult>
    <UnitTestResult executionId="e584adcc-1440-4ac2-a580-7b801f2db337" testId="656630bd-0ba5-6314-30e5-0c40dbf1c989" testName="GetSettingIntTest" computerName="MTUTTY-LAP" duration="00:00:00.0012404" startTime="2011-09-10T18:31:08.2462837-05:00" endTime="2011-09-10T18:31:08.2552842-05:00" testType="13cdc9d9-ddb5-4fa4-a97d-d965ccfc6d4b" outcome="Passed" testListId="8c84fa94-04c1-424b-9868-57a2d4851a1d" relativeResultsDirectory="e584adcc-1440-4ac2-a580-7b801f2db337">
    </UnitTestResult>
    <UnitTestResult executionId="6fbc7bac-7226-4d5a-8f28-2c7ce7a4cd4f" testId="92267241-0f9c-e1a1-47cf-dbec5beeac99" testName="ConfigSettingsServiceNullConstructorTest" computerName="MTUTTY-LAP" duration="00:00:00.0057981" startTime="2011-09-10T18:31:08.2592844-05:00" endTime="2011-09-10T18:31:08.2722852-05:00" testType="13cdc9d9-ddb5-4fa4-a97d-d965ccfc6d4b" outcome="Passed" testListId="8c84fa94-04c1-424b-9868-57a2d4851a1d" relativeResultsDirectory="6fbc7bac-7226-4d5a-8f28-2c7ce7a4cd4f">
    </UnitTestResult>
    <UnitTestResult executionId="a7c0abe7-fac2-424d-be79-a6cd691a3041" testId="b49e14a3-0cb0-c0b3-bc70-1c297eb868ed" testName="GetSettingStringTest" computerName="MTUTTY-LAP" duration="00:00:00.0010896" startTime="2011-09-10T18:31:08.2742853-05:00" endTime="2011-09-10T18:31:08.2832858-05:00" testType="13cdc9d9-ddb5-4fa4-a97d-d965ccfc6d4b" outcome="Passed" testListId="8c84fa94-04c1-424b-9868-57a2d4851a1d" relativeResultsDirectory="a7c0abe7-fac2-424d-be79-a6cd691a3041">
    </UnitTestResult>
    <UnitTestResult executionId="2a796f45-eeca-4e7c-ba65-2d0d2d6edfd5" testId="fae29225-5f00-02d8-7ca8-7a569d5c0a82" testName="GetSettingStringNoDefaultTest" computerName="MTUTTY-LAP" duration="00:00:00.0009446" startTime="2011-09-10T18:31:08.2852859-05:00" endTime="2011-09-10T18:31:08.2942864-05:00" testType="13cdc9d9-ddb5-4fa4-a97d-d965ccfc6d4b" outcome="Passed" testListId="8c84fa94-04c1-424b-9868-57a2d4851a1d" relativeResultsDirectory="2a796f45-eeca-4e7c-ba65-2d0d2d6edfd5">
    </UnitTestResult>
  </Results>
</TestRun>